<?php return array (
  0 => 'Doctrine\\Common\\Annotations\\DocLexer',
  1 => 'Doctrine\\Common\\Annotations\\FileCacheReader',
  2 => 'Doctrine\\Common\\Annotations\\PhpParser',
  3 => 'Doctrine\\Common\\Annotations\\Reader',
  4 => 'Doctrine\\Common\\Lexer',
  5 => 'Doctrine\\Common\\Persistence\\ConnectionRegistry',
  6 => 'Doctrine\\Common\\Persistence\\Proxy',
  7 => 'Doctrine\\Common\\Util\\ClassUtils',
  8 => 'Doctrine\\Bundle\\DoctrineBundle\\Registry',
  9 => 'Sensio\\Bundle\\FrameworkExtraBundle\\EventListener\\ControllerListener',
  10 => 'Sensio\\Bundle\\FrameworkExtraBundle\\EventListener\\ParamConverterListener',
  11 => 'Sensio\\Bundle\\FrameworkExtraBundle\\Request\\ParamConverter\\DateTimeParamConverter',
  12 => 'Sensio\\Bundle\\FrameworkExtraBundle\\Request\\ParamConverter\\DoctrineParamConverter',
  13 => 'Sensio\\Bundle\\FrameworkExtraBundle\\Request\\ParamConverter\\ParamConverterInterface',
  14 => 'Sensio\\Bundle\\FrameworkExtraBundle\\Request\\ParamConverter\\ParamConverterManager',
  15 => 'Sensio\\Bundle\\FrameworkExtraBundle\\EventListener\\HttpCacheListener',
  16 => 'Sensio\\Bundle\\FrameworkExtraBundle\\EventListener\\SecurityListener',
  17 => 'Sensio\\Bundle\\FrameworkExtraBundle\\Configuration\\ConfigurationAnnotation',
  18 => 'Symfony\\Bundle\\AsseticBundle\\DefaultValueSupplier',
  19 => 'Symfony\\Bundle\\AsseticBundle\\Factory\\AssetFactory',
  20 => 'Symfony\\Bundle\\FrameworkBundle\\EventListener\\SessionListener',
  21 => 'Symfony\\Component\\HttpFoundation\\Session\\Storage\\NativeSessionStorage',
  22 => 'Symfony\\Component\\HttpFoundation\\Session\\Storage\\PhpBridgeSessionStorage',
  23 => 'Symfony\\Component\\HttpFoundation\\Session\\Storage\\Handler\\NativeFileSessionHandler',
  24 => 'Symfony\\Component\\HttpFoundation\\Session\\Storage\\Proxy\\AbstractProxy',
  25 => 'Symfony\\Component\\HttpFoundation\\Session\\Storage\\Proxy\\SessionHandlerProxy',
  26 => 'Symfony\\Component\\HttpFoundation\\Session\\Session',
  28 => 'Symfony\\Bundle\\FrameworkBundle\\Templating\\GlobalVariables',
  29 => 'Symfony\\Bundle\\FrameworkBundle\\Templating\\TemplateReference',
  30 => 'Symfony\\Bundle\\FrameworkBundle\\Templating\\TemplateNameParser',
  31 => 'Symfony\\Bundle\\FrameworkBundle\\Templating\\Loader\\TemplateLocator',
  32 => 'Symfony\\Component\\Routing\\Generator\\UrlGenerator',
  33 => 'Symfony\\Component\\Routing\\RequestContext',
  34 => 'Symfony\\Component\\Routing\\Router',
  35 => 'Symfony\\Bundle\\FrameworkBundle\\Routing\\RedirectableUrlMatcher',
  36 => 'Symfony\\Bundle\\FrameworkBundle\\Routing\\Router',
  37 => 'Symfony\\Component\\Config\\FileLocator',
  38 => 'Symfony\\Component\\Debug\\ErrorHandler',
  39 => 'Symfony\\Component\\EventDispatcher\\Event',
  40 => 'Symfony\\Component\\EventDispatcher\\ContainerAwareEventDispatcher',
  41 => 'Symfony\\Component\\HttpKernel\\EventListener\\ResponseListener',
  42 => 'Symfony\\Component\\HttpKernel\\EventListener\\RouterListener',
  43 => 'Symfony\\Component\\HttpKernel\\Controller\\ControllerResolver',
  44 => 'Symfony\\Component\\HttpKernel\\Event\\KernelEvent',
  45 => 'Symfony\\Component\\HttpKernel\\Event\\FilterControllerEvent',
  46 => 'Symfony\\Component\\HttpKernel\\Event\\FilterResponseEvent',
  47 => 'Symfony\\Component\\HttpKernel\\Event\\GetResponseEvent',
  48 => 'Symfony\\Component\\HttpKernel\\Event\\GetResponseForControllerResultEvent',
  49 => 'Symfony\\Component\\HttpKernel\\Event\\GetResponseForExceptionEvent',
  50 => 'Symfony\\Component\\HttpKernel\\KernelEvents',
  51 => 'Symfony\\Component\\HttpKernel\\Config\\FileLocator',
  52 => 'Symfony\\Bundle\\FrameworkBundle\\Controller\\ControllerNameParser',
  53 => 'Symfony\\Bundle\\FrameworkBundle\\Controller\\ControllerResolver',
  54 => 'Monolog\\Formatter\\FormatterInterface',
  55 => 'Monolog\\Formatter\\LineFormatter',
  56 => 'Monolog\\Handler\\HandlerInterface',
  57 => 'Monolog\\Handler\\AbstractHandler',
  58 => 'Monolog\\Handler\\AbstractProcessingHandler',
  59 => 'Monolog\\Handler\\StreamHandler',
  60 => 'Monolog\\Handler\\FingersCrossedHandler',
  61 => 'Monolog\\Handler\\FilterHandler',
  62 => 'Monolog\\Handler\\TestHandler',
  63 => 'Monolog\\Logger',
  64 => 'Symfony\\Bridge\\Monolog\\Logger',
  65 => 'Symfony\\Bridge\\Monolog\\Handler\\DebugHandler',
  66 => 'Monolog\\Handler\\FingersCrossed\\ActivationStrategyInterface',
  67 => 'Monolog\\Handler\\FingersCrossed\\ErrorLevelActivationStrategy',
  68 => 'Symfony\\Component\\Security\\Http\\AccessMap',
  69 => 'Symfony\\Component\\Security\\Http\\Firewall',
  70 => 'Symfony\\Component\\Security\\Core\\User\\UserProviderInterface',
  71 => 'Symfony\\Component\\Security\\Core\\Authentication\\AuthenticationProviderManager',
  72 => 'Symfony\\Component\\Security\\Core\\Authentication\\Token\\Storage\\TokenStorage',
  73 => 'Symfony\\Component\\Security\\Core\\Authorization\\AccessDecisionManager',
  74 => 'Symfony\\Component\\Security\\Core\\Authorization\\AuthorizationChecker',
  75 => 'Symfony\\Component\\Security\\Core\\Authorization\\Voter\\VoterInterface',
  76 => 'Symfony\\Bundle\\SecurityBundle\\Security\\FirewallMap',
  77 => 'Symfony\\Bundle\\SecurityBundle\\Security\\FirewallContext',
  78 => 'Symfony\\Component\\HttpFoundation\\RequestMatcher',
  79 => 'Twig_Environment',
  80 => 'Twig_Extension',
  81 => 'Twig_Extension_Core',
  82 => 'Twig_Extension_Escaper',
  83 => 'Twig_Extension_Optimizer',
  84 => 'Twig_LoaderInterface',
  85 => 'Twig_Markup',
  86 => 'Twig_Template',
  87 => 'JMS\\DiExtraBundle\\HttpKernel\\ControllerResolver',
);